sakurainanase@N-MacBook-Pro git_challenge % git init
Initialized empty Git repository in /Users/sakurainanase/Documents/git_challenge/git_challenge/.git/
sakurainanase@N-MacBook-Pro git_challenge % git add /Users/sakurainanase/Documents/git_challenge/git_challenge
sakurainanase@N-MacBook-Pro git_challenge % git add hello_world.txt
sakurainanase@N-MacBook-Pro git_challenge % git commit -m "hello,world!
を追加"
zsh: event not found: を追加
sakurainanase@N-MacBook-Pro git_challenge % git commit -m 'hello,world! を追加'
[main (root-commit) 21e6fac] hello,world! を追加
 2 files changed, 0 insertions(+), 0 deletions(-)
 create mode 100644 .DS_Store
 create mode 100644 hello_world.txt
sakurainanase@N-MacBook-Pro git_challenge % git commit -m "こんにちは、世界を追加"
On branch main
Changes not staged for commit:
  (use "git add <file>..." to update what will be committed)
  (use "git restore <file>..." to discard changes in working directory)
        modified:   .DS_Store
        modified:   hello_world.txt
no changes added to commit (use "git add" and/or "git commit -a")
sakurainanase@N-MacBook-Pro git_challenge % git add .
sakurainanase@N-MacBook-Pro git_challenge % git commit -m "こんにちは、世界を追加"
[main bceb54b] こんにちは、世界を追加
 2 files changed, 2 insertions(+)
sakurainanase@N-MacBook-Pro git_challenge % git status 
On branch main
nothing to commit, working tree clean
sakurainanase@N-MacBook-Pro git_challenge % git log 
commit cb1bd114d43b3fd561ff4f274859be6cb4c23ecc (HEAD -> main)
Author: sakurai-git29 <nana07s12@icloud.com>
Date:   Thu Dec 11 22:39:38 2025 +0900

    こんにちは、世界を追加

commit 21e6facd50489429477bf83e7c4d799ff23900c3
Author: sakurai-git29 <nana07s12@icloud.com>
Date:   Thu Dec 11 22:34:16 2025 +0900

    hello,world! を追加